FC01 REVISION E NATIVE FREECAD VERIFICATION LOG
FREECAD_VERSION=1 1 3 20260725 (Git shallow) Unknown 2026/07/25 04:52:02 grafted,grafted 145529fe741292ff0b3977a01195bf0247425794
FREECADCMD_EXECUTABLE_SHA256=b5551d26050ed64981c5767729bb35900fd4975fa7fd31714c17dd714b6fd44c
RESULT=PASS
PASSED_CHECKS=80
FAILED_CHECKS=0
FCSTD_OBJECTS=165
FCSTD_CONTROLLED_PHYSICAL_OBJECTS=148
FCSTD_SOLIDS=148
FCSTD_INVALID_SHAPES=0
STEP_SOLIDS=148
STEP_INVALID_SHAPES=0
IGES_SOLIDS=0
IGES_INVALID_SHAPES=0
DXF_CIRCLES=30
DXF_NATIVE_REIMPORT_SHAPES=34
MOUNTING_HOLES=30
DEVICE_FOOTPRINT_OVERLAPS=0
DRIVE_KEEPOUT_INTRUSIONS=0
UNCONTROLLED_NATIVE_ARTIFACTS=0
VIEW_GEOMETRY_SEMANTIC_IDENTITY=True
